# Copyright (C) 2013-2014 Yubico AB
#
# This program is free software: you can redistribute it and/or modify
# it under the terms of the GNU Lesser General Public License as
# published by the Free Software Foundation, either version 3 of the
# License, or (at your option) any later version.
#
# This program is distributed in the hope that it will be useful,
# but WITHOUT ANY WARRANTY; without even the implied warranty of
# MERCHANTABILITY or FITNESS FOR A PARTICULAR PURPOSE.  See the
# GNU Lesser General Public License for more details.
#
# You should have received a copy of the GNU Lesser General Public License
# along with this program.  If not, see <http://www.gnu.org/licenses/>.

YKNEOMGR_0.0.0
{
  global:
    ykneomgr_applet_delete;
    ykneomgr_applet_install;
    ykneomgr_applet_list;
    ykneomgr_authenticate;
    ykneomgr_check_version;
    ykneomgr_connect;
    ykneomgr_discover;
    ykneomgr_done;
    ykneomgr_get_mode;
    ykneomgr_get_serialno;
    ykneomgr_get_version_build;
    ykneomgr_get_version_major;
    ykneomgr_get_version_minor;
    ykneomgr_global_done;
    ykneomgr_global_init;
    ykneomgr_init;
    ykneomgr_list_devices;
    ykneomgr_modeswitch;
    ykneomgr_strerror;
    ykneomgr_strerror_name;

  local:
    *;
};

YKNEOMGR_0.1.0
{
  global:
    ykneomgr_send_apdu;
} YKNEOMGR_0.0.0;

YKNEOMGR_0.1.4
{
  global:
    ykneomgr_discover_match;
} YKNEOMGR_0.1.0;
